<?xml version="1.0" encoding="utf-8"?>
<Item Id="cabideiro_tubo_2_2_2_2" Entityid="ace_ilum_cabcir_5_3_2" Name="Cabideiro Interruptor 6000K" GroupName="Aramados" Description="Cabideiros">
  <Dimension Width="$P.W$-40" />
  <Position Y="-$PD$/2+$D$/2" Z="$PH$" X="20">
    <Max Z="$P.H$" />
    <Min Z="0" />
  </Position>
</Item>