<?xml version="1.0" encoding="utf-8"?>
<Item Id="lixeira_dupla" EntityId="ACE_ARA_LIX_DUP" Name="Lixeira Dupla" GroupName="Lixeira Dupla" Description="Acessórios" CanMirror="N">
		<Position X="$P.W$/2-$W$/2" Y="-$P.D$+$D$" Rotation="0">
			<Min X="0" />
			<Max X="$P.W$-$W$" />
		</Position>		
	</Item>