<?xml version="1.0" encoding="utf-8"?>
<Item Id="Perfil Led" Description="Leds" EntityId="ace_ilum_led_perfil_5" GroupName="Aramados" Name="Led Embutir Esq" Inverted="Y" Visible="N" Selectable="N">
  <Dimension Height="$PH$">
    <Max Height="$PH$" />
    <Min Height="0" />
  </Dimension>
  <Position Y="$D$-$P.D$+#RECUO_PRAT_SPORTA#+7" X="$W$-$W$" Z="$P.H$" Rotation="270">
    <Normal A="0" B="0" C="-1" />
  </Position>
</Item>