<?xml version="1.0" encoding="utf-8"?>
<Item Id="tabua_de_passar" EntityId="ACE_ARA_TAB_PAS" Name="Tábua de Passar" GroupName="Tábua de Passar" Description="Acessórios" CanMirror="N">
		<Position X="$P.W$/2-$W$/2" Y="-$P.D$+$D$" Rotation="0">
			<Min X="0" />
			<Max X="$P.W$-$W$" />
		</Position>		
	</Item>