<?xml version="1.0" encoding="utf-8" standalone="yes"?>
<HorizontalDivision Id="com_prat_inv" THICKNESS="1" Offset="0" Fallback="0" Category="Prateleiras Móveis" Name="Invisivel" CanUseAsSeparator="Y" Movable="Y" Preview="%PastaConstrutorArmarios%\Divisions\Images\prateleira_invisivel.jpg">
  <Offset Value="0" />
</HorizontalDivision>